/Users/staabm/workspace/redaxo/redaxo/src/addons/rexstan/tests/data/any-get.php:11:No rex_user found with id 9999999.
/Users/staabm/workspace/redaxo/redaxo/src/addons/rexstan/tests/data/any-get.php:12:No rex_media found with id 'does-not-exist.jpg'.
/Users/staabm/workspace/redaxo/redaxo/src/addons/rexstan/tests/data/any-get.php:13:No rex_article found with id 9999999.
/Users/staabm/workspace/redaxo/redaxo/src/addons/rexstan/tests/data/any-get.php:14:No rex_category found with id 9999999.
/Users/staabm/workspace/redaxo/redaxo/src/addons/rexstan/tests/data/object-oriented-framework.php:18:Unknown name ''unknownColumn'' given to getValue().
/Users/staabm/workspace/redaxo/redaxo/src/addons/rexstan/tests/data/object-oriented-framework.php:20:No rex_media found with id 'markus.jpg'.
/Users/staabm/workspace/redaxo/redaxo/src/addons/rexstan/tests/data/object-oriented-framework.php:24:Unknown name ''unknownColumn'' given to getValue().
/Users/staabm/workspace/redaxo/redaxo/src/addons/rexstan/tests/data/object-oriented-framework.php:30:Unknown name ''unknownColumn'' given to getValue().
/Users/staabm/workspace/redaxo/redaxo/src/addons/rexstan/tests/data/object-oriented-framework.php:36:Unknown name ''unknownColumn'' given to getValue().
/Users/staabm/workspace/redaxo/redaxo/src/addons/rexstan/tests/data/object-oriented-framework.php:41:Unknown name ''unknownColumn'' given to getValue().
/Users/staabm/workspace/redaxo/redaxo/src/addons/rexstan/tests/data/sql-get-value.php:45:Value 'doesNotExist' was not selected in the used sql-query.
/Users/staabm/workspace/redaxo/redaxo/src/addons/rexstan/tests/data/sql-get-value.php:46:Value 'doesNotExist' was not selected in the used sql-query.
/Users/staabm/workspace/redaxo/redaxo/src/addons/rexstan/tests/data/sql-get-value.php:47:Value 'doesNotExist' was not selected in the used sql-query.
/Users/staabm/workspace/redaxo/redaxo/src/addons/rexstan/tests/data/superglobals.php:4:Using $_SESSION is forbidden, use rex_request::session(), rex_request::setSession() or rex_session(), rex_set_session() instead for proper per instance scoping.
/Users/staabm/workspace/redaxo/redaxo/src/addons/rexstan/tests/data/superglobals.php:5:Using $_GET is forbidden, use rex_request::get() or rex_get() instead.
/Users/staabm/workspace/redaxo/redaxo/src/addons/rexstan/tests/data/superglobals.php:6:Using $_POST is forbidden, use rex_request::post() or rex_post() instead.
/Users/staabm/workspace/redaxo/redaxo/src/addons/rexstan/tests/data/superglobals.php:7:Using $_REQUEST is forbidden, use rex_request::request() or rex_request() instead.
/Users/staabm/workspace/redaxo/redaxo/src/addons/rexstan/tests/data/superglobals.php:8:Using $_COOKIE is forbidden, use rex_request::cookie() or rex_cookie() instead.
/Users/staabm/workspace/redaxo/redaxo/src/addons/rexstan/tests/data/superglobals.php:9:Using $_SERVER is forbidden, use rex_request::server() or rex_server() instead.
/Users/staabm/workspace/redaxo/redaxo/src/addons/rexstan/tests/data/superglobals.php:10:Using $_ENV is forbidden, use rex_request::env() or rex_env() instead.
/Users/staabm/workspace/redaxo/redaxo/src/addons/rexstan/tests/data/superglobals.php:11:Using $_FILES is forbidden, use rex_request::files() or rex_files() instead.
/Users/staabm/workspace/redaxo/redaxo/src/addons/rexstan/tests/data/superglobals.php:13:Calling setcookie() is forbidden, use rex_response::sendCookie() or rex_response::clearCookie() instead.
